// Jest Snapshot v1, https://goo.gl/fbAQLP

exports[`Scheduler component renders correctly 1`] = `ShallowWrapper {}`;
